Compiling lib\main.dart for the Web...                          
C:\flutter\bin\flutter.bat : Wasm dry run findings:
At line:1 char:20
+ ... v .env.bak; C:\flutter\bin\flutter.bat build web --release --base-hre ...
+                 ~~~~~~~~~~~~~~~~~~~~~~~~~~~~~~~~~~~~~~~~~~~~~~~~~~~~~~~~~
    + CategoryInfo          : NotSpecified: (Wasm dry run findings::String) [], RemoteException
    + FullyQualifiedErrorId : NativeCommandError
 
Found incompatibilities with WebAssembly.

package:ua_client_hints/ua_client_hints_web.dart 4:1 - dart:html unsupported (0)

Consider addressing these issues to enable wasm builds. See docs for more info: 
https://docs.flutter.dev/platform-integration/web/wasm

Use --no-wasm-dry-run to disable these warnings.
Error detected in pubspec.yaml:
No file or variants found for asset: .env.

Target web_release_bundle failed: Exception: Failed to bundle asset files.
#0      copyAssets (package:flutter_tools/src/build_system/targets/assets.dart:61:5)
<asynchronous suspension>
#1      WebReleaseBundle.build (package:flutter_tools/src/build_system/targets/web.dart:615:29)
<asynchronous suspension>
#2      _BuildInstance._invokeInternal (package:flutter_tools/src/build_system/build_system.dart:937:9)
<asynchronous suspension>
#3      Future.wait.<anonymous closure> (dart:async/future.dart:546:21)
<asynchronous suspension>
#4      _BuildInstance.invokeTarget (package:flutter_tools/src/build_system/build_system.dart:875:32)
<asynchronous suspension>
#5      FlutterBuildSystem.build (package:flutter_tools/src/build_system/build_system.dart:684:16)
<asynchronous suspension>
#6      WebBuilder.buildWeb (package:flutter_tools/src/web/compile.dart:107:34)
<asynchronous suspension>
#7      BuildWebCommand.runCommand (package:flutter_tools/src/commands/build_web.dart:293:5)
<asynchronous suspension>
#8      FlutterCommand.run.<anonymous closure> (package:flutter_tools/src/runner/flutter_command.dart:1630:27)
<asynchronous suspension>
#9      AppContext.run.<anonymous closure> (package:flutter_tools/src/base/context.dart:154:19)
<asynchronous suspension>
#10     CommandRunner.runCommand (package:args/command_runner.dart:212:13)
<asynchronous suspension>
#11     FlutterCommandRunner.runCommand.<anonymous closure> 
(package:flutter_tools/src/runner/flutter_command_runner.dart:496:9)
<asynchronous suspension>
#12     AppContext.run.<anonymous closure> (package:flutter_tools/src/base/context.dart:154:19)
<asynchronous suspension>
#13     FlutterCommandRunner.runCommand (package:flutter_tools/src/runner/flutter_command_runner.dart:431:5)
<asynchronous suspension>
#14     FlutterCommandRunner.run.<anonymous closure> 
(package:flutter_tools/src/runner/flutter_command_runner.dart:307:33)
<asynchronous suspension>
#15     run.<anonymous closure>.<anonymous closure> (package:flutter_tools/runner.dart:104:11)
<asynchronous suspension>
#16     AppContext.run.<anonymous closure> (package:flutter_tools/src/base/context.dart:154:19)
<asynchronous suspension>
#17     main (package:flutter_tools/executable.dart:103:3)
<asynchronous suspension>

Compiling lib\main.dart for the Web...                            245.5s
Error: Failed to compile application for the Web.
